JAM FITTER
count = 364
elapsed time(mins)=0.899036
shifts  = 1
npts    = 88
chi2    = 347.550814
rchi2   = 0.000000
nchi2   = 16.351695
chi2tot = 363.902509
dchi2(iter)  = 0.000000
dchi2(local) = 0.000000

reaction: sia
filters: (hadron=="pion" and ((RS<91.2 and z>0.1) or (RS>=91.2 and z>0.05))) or (hadron=="kaon" and (((col=="ARGUS" or col=="BABAR") and z>0.2) or ((col!="ARGUS" and col!="BABAR") and RS<91.2 and z>0.1) or (col!="ARGUS" and col!="BABAR") and RS>=91.2 and z>0.05)) or (hadron=="hadron" and z>0.2 and z<0.9)
    idx rs       col       had npts      chi2 chi2-npts chi2/npts     rchi2     nchi2
   4000 91     ALEPH    hadron   19    144.99    125.99      7.63      0.00      1.31
   4001 91    DELPHI    hadron    6     11.45      5.45      1.91      0.00      0.00
   4002 91       SLD    hadron   15     58.13     43.13      3.88      0.00      5.65
   4004 29       TPC    hadron    9     32.79     23.79      3.64      0.00      0.00
   4005 91   OPAL(b)    hadron    6     36.36     30.36      6.06      0.00      0.00
   4006 91   OPAL(c)    hadron    6      3.31     -2.69      0.55      0.00      0.00
   4007 91      OPAL    hadron    6     38.74     32.74      6.46      0.00      0.00
   4009 22     TASSO    hadron    9      3.89     -5.11      0.43      0.00      8.56
   4010 30     TASSO    hadron    4      7.80      3.80      1.95      0.00      0.69
   4012 44     TASSO    hadron    8     10.09      2.09      1.26      0.00      0.14
1   ffhadron        b1 a  -1.80000e+00
2   ffhadron        b1 b   1.00000e+01
3   ffhadron        c1 a  -1.80000e+00
4   ffhadron        c1 b   1.00000e+01
5   ffhadron        g1 a  -1.80000e+00
6   ffhadron        g1 b   6.43316e+00
7   ffhadron        u1 a  -1.80000e+00
8   ffhadron        u1 b   2.45416e+00
9       norm        sia       4000  1.03433e+00
10       norm        sia       4002  1.02377e+00
11       norm        sia       4009  8.68318e-01
12       norm        sia       4010  1.03743e+00
13       norm        sia       4012  9.83353e-01
